// Jest Snapshot v1, https://goo.gl/fbAQLP

exports[`Custom Domain Contact Page Correctly renders Custom Domain Contact page 1`] = `
<div
  className="custom-domain-contact-page"
>
  <h1>
    Custom Domain
  </h1>
  <div
    className="custom-domain-contact-inner"
  >
    <p>
      To use custom domain, please contact -
      <a
        href="mailto:contact@opencraft.com"
      >
        contact@opencraft.com
      </a>
    </p>
    <a
      aria-current={null}
      className="nav-link back-link"
      href="/registration"
      onClick={[Function]}
    >
      Go back
    </a>
  </div>
</div>
`;
